0   errBooleanNeeded
1   errCommaOrSemicolonNeeded
2   errIdentAlreadyDefined
3   errNoIdent
4   errIdentNotAType
5   errSimpleTypeReq
6   errNoConstant
7   errConstOfOtherTypeNeeded
8   errNotAnIndexType
9   errTypeMustNotBeFile
10   errConstNotOfADiscreteType
11   errNotDefined
12   errBadSymbol
13   errVarIsNotPointer
14   errExprIsNotInteger
15   errUnused
16   errLabelNotDefinedInBlock
17   errLabelAlreadyDefinedInLine
18   errLabelNotDefined
19   errExprMustNotBeOfStructType
20   errDigitGreaterThan7
21   errNeedOtherTypesOfOperands
22   errWrongVarTypeBefore
23   errTypeIdInsteadOfVar
24   errIncompatibleExprsInSetCtor
25   errExprNotOfADiscreteType
26   errCannotPassStandProcsAsParams
27   errExpressionWhereVariableExpected
28   errUsingVarAfterIndexingPackedArray
29   errIndexOutOfBounds
30   errNoSimpleVarForLoop
31   errIncompatibleTypesOfLoopIndexAndExpr
32   errWrongStartOfOperator
33   errIllegalTypesForAssignment
34   errTypeIsNotAFileElementType
35   errSecondSpecifierForWriteOnlyForReal
36   errTooFewArguments
37   errInputMissingInProgramHeader
38   errTooManyArguments
39   errIncompatibleArgumentKinds
40   errIncompatibleArgumentTypes
41   errNoCommaOrParenOrTooFewArgs
42   errNoArgList
43   errNumberTooLarge
44   errIncorrectUsageOfStandProcOrFunc
45   errNoOpenParenForStandProc
46   errNoVarForStandProc
47   errNoVarOfFileType
48   errVarTooComplex
49   errTooManyInsnsInBlock
50   errSymbolTableOverflow
51   errLongSymbolOverflow
52   errEOFEncountered
53   errTooManyErrors
54   errErrorInPseudoComment
55   errMoreThan16DigitsInNumber
56   errNeedMantissaAfterDecimal
57   errNeedExponentAfterE
58   errExponentGreaterThan18
59   errEOLNInStringLiteral
60   errFirstDigitInCharLiteralGreaterThan3
61   errEmptyString
62   errIntegerNeeded
63   errBadBaseTypeForSet
64   errIncorrectRangeDefinition
65   errCannotHaveK0AndNew
66   errOtherIndexTypeNeeded
67   errNeedBracketAfterIndices
68   errUsingProcedureInExpression
69   errUnaryMinusNeedRealOrInteger
70   errNeitherToNorDownto
71   errWithOperatorNotOfARecord
72   errWithOperatorNotOfAVariable
73   errCaseLabelsIdentical
74   errIncompatibleCaseLabelAndExpression
75   errCannotAssignFiles
76   errWrongNumberForExternalFile
77   errNoOutput
78   errPredefinedAsPointer
79   errNotFullyDefined
80   errUndefinedExternFile
81   errProcNestingTooDeep
82   errPrevDeclWasNotForward
83   errRepeatedPredefinition
84   errErrorInDeclarations
85   errNotFullyDefinedProcedures
86   errRequired
87   errTooManyEntryProcs
88   errDifferentTypesOfLabelsAndExpr
89   errInteger
90   errLabelDefinitionInBlock
91   errOpenParen
92   errOpenParen
93   errOpenParen
94   errOpenParen
95   errOpenParen
96   errCloseParen
97   errCloseParen
98   errCloseParen
99   errCloseParen
100   errCloseParen
101   errCloseBracket
102   errComma
103   errSemicolon
104    errPeriod
105  errSemicolon
106   errColon
107   errBecomes
108    errBegin
109    errBegin
110    errBegin
111    errBegin
112    errBegin
113    errBegin
114    errBegin
115    errBegin
116    errBegin
117    errBegin
118    errBegin
119    errBegin
120    errEnd
121    errEnd
122    errEnd
123    errEnd
124    errEnd
125    errEnd
126    errEnd
127    errEnd
128    errUntil
129    errUntil
130    errOf
131    errDo
132    errThen
133    errThen
134    errThen
135   errProgram
136   errProgram
